export const snapshot = {};

snapshot[`should execute the command 1`] = `
stdout:
"hello from script
hello from dax
"
stderr:
""
`;
